certs\thg_n3.txt: n=3 VERIFIED (0.0s)
certs\thg_n5.txt: n=5 VERIFIED (0.0s)
certs\thg_n7.txt: n=7 VERIFIED (0.0s)
certs\thg_n9.txt: n=9 VERIFIED (0.0s)
certs\thg_n11.txt: n=11 VERIFIED (0.0s)
certs\thg_n13.txt: n=13 VERIFIED (0.0s)
certs\thg_n15.txt: n=15 VERIFIED (0.0s)
certs\thg_n17.txt: n=17 VERIFIED (0.0s)
certs\thg_n19.txt: n=19 VERIFIED (0.0s)
certs\thg_n21.txt: n=21 VERIFIED (0.0s)
certs\thg_n23.txt: n=23 VERIFIED (0.0s)
certs\thg_n25.txt: n=25 VERIFIED (0.0s)
certs\thg_n27.txt: n=27 VERIFIED (0.0s)
certs\thg_n29.txt: n=29 VERIFIED (0.0s)
certs\thg_n31.txt: n=31 VERIFIED (0.1s)
certs\thg_n33.txt: n=33 VERIFIED (0.1s)
certs\thg_n35.txt: n=35 VERIFIED (0.1s)
certs\thg_n37.txt: n=37 VERIFIED (0.1s)
certs\thg_n39.txt: n=39 VERIFIED (0.2s)
certs\thg_n41.txt: n=41 VERIFIED (0.2s)
certs\thg_n43.txt: n=43 VERIFIED (0.3s)
certs\thg_n45.txt: n=45 VERIFIED (0.3s)
certs\thg_n47.txt: n=47 VERIFIED (0.4s)
certs\thg_n49.txt: n=49 VERIFIED (0.4s)
certs\thg_n51.txt: n=51 VERIFIED (0.6s)
certs\thg_n53.txt: n=53 VERIFIED (0.8s)
certs\thg_n55.txt: n=55 VERIFIED (0.9s)
certs\thgc_n57.txt: n=57 VERIFIED (1.4s)
certs\thg_n57.txt: n=57 VERIFIED (1.4s)
certs\thgc_n59.txt: n=59 VERIFIED (1.7s)
certs\thg_n59.txt: SKIPPED (recently modified)
certs\thgc_n61.txt: n=61 VERIFIED (1.6s)
verified n: [3, 5, 7, 9, 11, 13, 15, 17, 19, 21, 23, 25, 27, 29, 31, 33, 35, 37, 39, 41, 43, 45, 47, 49, 51, 53, 55, 57, 59, 61]
odd n missing up to max: []
